src/features/task-attachments/components/task-attachments.tsx(445,35): error TS7006: Parameter 'f' implicitly has an 'any' type.
